=== environment ===
run_id      : 34966542548
triggered by: schedule
python      : Python 3.12.14
workspace   : /home/runner/work/cfb-model/cfb-model
key present : true
--- repo root ---
total 192
drwxr-xr-x 6 runner runner  4096 Sep 15 12:02 .
drwxr-xr-x 3 runner runner  4096 Sep 15 12:02 ..
drwxr-xr-x 7 runner runner  4096 Sep 15 12:02 .git
drwxr-xr-x 3 runner runner  4096 Sep 15 12:02 .github
-rw-r--r-- 1 runner runner   156 Sep 15 12:02 .gitignore
-rw-r--r-- 1 runner runner  5312 Sep 15 12:02 MODEL.md
-rw-r--r-- 1 runner runner  4452 Sep 15 12:02 README.md
-rw-r--r-- 1 runner runner  2699 Sep 15 12:02 SETUP.md
drwxr-xr-x 4 runner runner  4096 Sep 15 12:02 archive
-rw-r--r-- 1 runner runner 19676 Sep 15 12:02 archive.py
-rw-r--r-- 1 runner runner 15212 Sep 15 12:02 backtest.py
drwxr-xr-x 3 runner runner  4096 Sep 15 12:02 data
-rw-r--r-- 1 runner runner 12162 Sep 15 12:02 features.py
-rw-r--r-- 1 runner runner 21527 Sep 15 12:02 ingest.py
-rw-r--r-- 1 runner runner 19557 Sep 15 12:02 ratings.py
-rw-r--r-- 1 runner runner   407 Sep 15 12:02 requirements-model.txt
-rw-r--r-- 1 runner runner   174 Sep 15 12:02 requirements.txt
-rw-r--r-- 1 runner runner  7665 Sep 15 12:02 run_model.py
-rw-r--r-- 1 runner runner 27926 Sep 15 12:02 test_model_offline.py
-rw-r--r-- 1 runner runner  4868 Sep 15 12:02 test_offline.py
=== smoke ===
[2026-09-15T12:02:11+00:00] smoke test — season 2026, week 4 (python 3.12.14)
[2026-09-15T12:02:11+00:00] archive dir would be: /home/runner/work/cfb-model/cfb-model/archive
[2026-09-15T12:02:11+00:00] CFBD_API_KEY: set, 64 chars
[2026-09-15T12:02:12+00:00]   OK   CFBD /teams/fbs  (138 items/bytes)
[2026-09-15T12:02:12+00:00]   OK   CFBD /ratings/sp  (139 items/bytes)
[2026-09-15T12:02:12+00:00]   OK   CFBD /ratings/fpi  (138 items/bytes)
[2026-09-15T12:02:13+00:00]   OK   CFBD /ratings/elo  (138 items/bytes)
[2026-09-15T12:02:13+00:00]   OK   CFBD /ratings/srs  (0 items/bytes)
[2026-09-15T12:02:13+00:00]   OK   CFBD /ratings/core  (138 items/bytes)
[2026-09-15T12:02:13+00:00]   OK   CFBD /lines  (71 items/bytes)
[2026-09-15T12:02:14+00:00]   OK   CFBD /games  (285 items/bytes)
[2026-09-15T12:02:14+00:00]   OK   Sonny Moore page  (20868 items/bytes)
[2026-09-15T12:02:15+00:00]   OK   Pi-Rate page  (729941 items/bytes)
[2026-09-15T12:02:15+00:00] smoke: 10/10 passed
=== capture ===
[2026-09-15T12:02:15+00:00] archiving season 2026 week 4 -> /home/runner/work/cfb-model/cfb-model/archive
[2026-09-15T12:02:15+00:00]   sp_plus: +139 rows
[2026-09-15T12:02:15+00:00]   fpi: +138 rows
[2026-09-15T12:02:15+00:00]   lines: +71 rows
[2026-09-15T12:02:16+00:00]   elo: +138 rows
[2026-09-15T12:02:16+00:00]   srs: +0 rows
[2026-09-15T12:02:16+00:00]   core: +138 rows
[2026-09-15T12:02:16+00:00]   games: +285 rows
[2026-09-15T12:02:16+00:00]   sonny_moore: +138 rows
[2026-09-15T12:02:16+00:00]   pirate: +0 rows
[2026-09-15T12:02:16+00:00] done: 1047 rows, 0 failure(s)
archive.py exit code: 0
