=== environment ===
run_id      : 36602686243
triggered by: schedule
python      : Python 3.12.14
workspace   : /home/runner/work/cfb-model/cfb-model
key present : true
--- repo root ---
total 196
drwxr-xr-x 6 runner runner  4096 Sep 29 17:07 .
drwxr-xr-x 3 runner runner  4096 Sep 29 17:07 ..
drwxr-xr-x 7 runner runner  4096 Sep 29 17:07 .git
drwxr-xr-x 3 runner runner  4096 Sep 29 17:07 .github
-rw-r--r-- 1 runner runner   156 Sep 29 17:07 .gitignore
-rw-r--r-- 1 runner runner  5312 Sep 29 17:07 MODEL.md
-rw-r--r-- 1 runner runner  4452 Sep 29 17:07 README.md
-rw-r--r-- 1 runner runner  2699 Sep 29 17:07 SETUP.md
drwxr-xr-x 4 runner runner  4096 Sep 29 17:07 archive
-rw-r--r-- 1 runner runner 21410 Sep 29 17:07 archive.py
-rw-r--r-- 1 runner runner 15212 Sep 29 17:07 backtest.py
drwxr-xr-x 3 runner runner  4096 Sep 29 17:07 data
-rw-r--r-- 1 runner runner 12162 Sep 29 17:07 features.py
-rw-r--r-- 1 runner runner 21527 Sep 29 17:07 ingest.py
-rw-r--r-- 1 runner runner 19557 Sep 29 17:07 ratings.py
-rw-r--r-- 1 runner runner   407 Sep 29 17:07 requirements-model.txt
-rw-r--r-- 1 runner runner   174 Sep 29 17:07 requirements.txt
-rw-r--r-- 1 runner runner  7665 Sep 29 17:07 run_model.py
-rw-r--r-- 1 runner runner 27926 Sep 29 17:07 test_model_offline.py
-rw-r--r-- 1 runner runner  4868 Sep 29 17:07 test_offline.py
=== smoke ===
[2026-09-29T17:07:25+00:00] smoke test — season 2026, week 6 (python 3.12.14)
[2026-09-29T17:07:25+00:00] archive dir would be: /home/runner/work/cfb-model/cfb-model/archive
[2026-09-29T17:07:25+00:00] CFBD_API_KEY: set, 64 chars
[2026-09-29T17:07:26+00:00]   OK   CFBD /teams/fbs  (138 items/bytes)
[2026-09-29T17:07:26+00:00]   OK   CFBD /ratings/sp  (139 items/bytes)
[2026-09-29T17:07:26+00:00]   OK   CFBD /ratings/fpi  (138 items/bytes)
[2026-09-29T17:07:26+00:00]   OK   CFBD /ratings/elo  (138 items/bytes)
[2026-09-29T17:07:26+00:00]   OK   CFBD /ratings/srs  (268 items/bytes)
[2026-09-29T17:07:26+00:00]   OK   CFBD /ratings/core  (138 items/bytes)
[2026-09-29T17:07:26+00:00]   OK   CFBD /lines  (58 items/bytes)
[2026-09-29T17:07:26+00:00]   OK   CFBD /games  (277 items/bytes)
[2026-09-29T17:07:27+00:00]   OK   Sonny Moore page  (20868 items/bytes)
[2026-09-29T17:07:27+00:00]   OK   Pi-Rate page  (645477 items/bytes)
[2026-09-29T17:07:27+00:00] smoke: 10/10 passed
=== capture ===
[2026-09-29T17:07:27+00:00] archiving season 2026 week 6 -> /home/runner/work/cfb-model/cfb-model/archive
[2026-09-29T17:07:27+00:00]   sp_plus: +139 rows
[2026-09-29T17:07:27+00:00]   fpi: +138 rows
[2026-09-29T17:07:28+00:00]   lines: +58 rows
[2026-09-29T17:07:28+00:00]   ppa: +138 rows
[2026-09-29T17:07:29+00:00]   elo: +138 rows
[2026-09-29T17:07:29+00:00]   srs: +268 rows
[2026-09-29T17:07:29+00:00]   core: +138 rows
[2026-09-29T17:07:29+00:00]   games: +277 rows
[2026-09-29T17:07:29+00:00]   sonny_moore: +138 rows
[2026-09-29T17:07:29+00:00]   pirate: +0 rows
[2026-09-29T17:07:29+00:00] done: 1432 rows, 0 failure(s)
archive.py exit code: 0
