=== environment ===
run_id      : 34223864407
triggered by: schedule
python      : Python 3.12.14
workspace   : /home/runner/work/cfb-model/cfb-model
key present : true
--- repo root ---
total 192
drwxr-xr-x 6 runner runner  4096 Sep  8 12:02 .
drwxr-xr-x 3 runner runner  4096 Sep  8 12:02 ..
drwxr-xr-x 7 runner runner  4096 Sep  8 12:02 .git
drwxr-xr-x 3 runner runner  4096 Sep  8 12:02 .github
-rw-r--r-- 1 runner runner   156 Sep  8 12:02 .gitignore
-rw-r--r-- 1 runner runner  5312 Sep  8 12:02 MODEL.md
-rw-r--r-- 1 runner runner  4452 Sep  8 12:02 README.md
-rw-r--r-- 1 runner runner  2699 Sep  8 12:02 SETUP.md
drwxr-xr-x 4 runner runner  4096 Sep  8 12:02 archive
-rw-r--r-- 1 runner runner 19676 Sep  8 12:02 archive.py
-rw-r--r-- 1 runner runner 15212 Sep  8 12:02 backtest.py
drwxr-xr-x 3 runner runner  4096 Sep  8 12:02 data
-rw-r--r-- 1 runner runner 12162 Sep  8 12:02 features.py
-rw-r--r-- 1 runner runner 21527 Sep  8 12:02 ingest.py
-rw-r--r-- 1 runner runner 19557 Sep  8 12:02 ratings.py
-rw-r--r-- 1 runner runner   407 Sep  8 12:02 requirements-model.txt
-rw-r--r-- 1 runner runner   174 Sep  8 12:02 requirements.txt
-rw-r--r-- 1 runner runner  7665 Sep  8 12:02 run_model.py
-rw-r--r-- 1 runner runner 27926 Sep  8 12:02 test_model_offline.py
-rw-r--r-- 1 runner runner  4868 Sep  8 12:02 test_offline.py
=== smoke ===
[2026-09-08T12:02:30+00:00] smoke test — season 2026, week 3 (python 3.12.14)
[2026-09-08T12:02:30+00:00] archive dir would be: /home/runner/work/cfb-model/cfb-model/archive
[2026-09-08T12:02:30+00:00] CFBD_API_KEY: set, 64 chars
[2026-09-08T12:02:30+00:00]   OK   CFBD /teams/fbs  (138 items/bytes)
[2026-09-08T12:02:30+00:00]   OK   CFBD /ratings/sp  (139 items/bytes)
[2026-09-08T12:02:31+00:00]   OK   CFBD /ratings/fpi  (138 items/bytes)
[2026-09-08T12:02:32+00:00]   OK   CFBD /ratings/elo  (138 items/bytes)
[2026-09-08T12:02:36+00:00]   OK   CFBD /ratings/srs  (0 items/bytes)
[2026-09-08T12:02:36+00:00]   OK   CFBD /ratings/core  (0 items/bytes)
[2026-09-08T12:02:36+00:00]   OK   CFBD /lines  (75 items/bytes)
[2026-09-08T12:02:40+00:00]   OK   CFBD /games  (311 items/bytes)
[2026-09-08T12:02:40+00:00]   OK   Sonny Moore page  (20865 items/bytes)
[2026-09-08T12:02:41+00:00]   OK   Pi-Rate page  (614806 items/bytes)
[2026-09-08T12:02:41+00:00] smoke: 10/10 passed
=== capture ===
[2026-09-08T12:02:41+00:00] archiving season 2026 week 3 -> /home/runner/work/cfb-model/cfb-model/archive
[2026-09-08T12:02:45+00:00]   sp_plus: +139 rows
[2026-09-08T12:02:47+00:00]   fpi: +138 rows
[2026-09-08T12:02:47+00:00]   lines: +75 rows
[2026-09-08T12:02:48+00:00]   elo: +138 rows
[2026-09-08T12:02:48+00:00]   srs: +0 rows
[2026-09-08T12:02:48+00:00]   core: +0 rows
[2026-09-08T12:02:48+00:00]   games: +311 rows
[2026-09-08T12:02:49+00:00]   sonny_moore: +138 rows
[2026-09-08T12:02:49+00:00]   pirate: +0 rows
[2026-09-08T12:02:49+00:00] done: 939 rows, 0 failure(s)
archive.py exit code: 0
